// Jest Snapshot v1, https://goo.gl/fbAQLP

exports[`Help renders to match snapshot 1`] = `
<div>
  <div
    class="container"
  >
    <h1
      class="helpTitle"
    >
      How to Play
    </h1>
    <p
      class="infoPara"
      role="contentinfo"
    >
      You will see 
      <span
        class="emphasized"
      >
        twelve
      </span>
       character cards. You must choose one of the cards. Try to remember which card you chose, as each time you choose a card, the cards will be shuffled into a random order. Choose another character card that is different from the one you chose before. You
       
      <span
        class="emphasized"
      >
        cannot
      </span>
       choose the same card twice.
    </p>
    <p
      class="infoPara"
      role="contentinfo"
    >
      Repeat these steps until you have chosen all 12 character cards without repeating any choices. If the you successfully choose all 12 different cards without making any duplicate choices, you win the game. If you make a duplicate choice, your score is reset to zero and you must start again from the beginning.
    </p>
    <p
      class="infoPara"
      role="contentinfo"
    >
      Most importantly...
      <span
        class="emphasized"
      >
        Have fun!
      </span>
    </p>
    <div
      class="playButton"
      data-testid="play-link"
      role="link"
      tabindex="-3"
    >
      <a
        href="#/"
      >
        Play
      </a>
    </div>
  </div>
</div>
`;
